#! /usr/bin/vvp
:ivl_version "10.3 (stable)";
:ivl_delay_selection "TYPICAL";
:vpi_time_precision + 0;
:vpi_module "system";
:vpi_module "vhdl_sys";
:vpi_module "v2005_math";
:vpi_module "va_math";
S_0x561d0ad67030 .scope module, "adder" "adder" 2 1;
 .timescale 0 0;
    .port_info 0 /INPUT 1 "x1"
    .port_info 1 /INPUT 1 "x2"
    .port_info 2 /INPUT 1 "c_in"
    .port_info 3 /OUTPUT 1 "sum"
    .port_info 4 /OUTPUT 1 "c_out"
o0x7f94b69a8168 .functor BUFZ 1, C4<z>; HiZ drive
o0x7f94b69a8198 .functor BUFZ 1, C4<z>; HiZ drive
L_0x561d0adabbc0 .functor XOR 1, o0x7f94b69a8168, o0x7f94b69a8198, C4<0>, C4<0>;
o0x7f94b69a80d8 .functor BUFZ 1, C4<z>; HiZ drive
L_0x561d0adabcb0 .functor XOR 1, L_0x561d0adabbc0, o0x7f94b69a80d8, C4<0>, C4<0>;
L_0x561d0adabd50 .functor AND 1, o0x7f94b69a8168, o0x7f94b69a8198, C4<1>, C4<1>;
L_0x561d0adabe90 .functor XOR 1, o0x7f94b69a8168, o0x7f94b69a8198, C4<0>, C4<0>;
L_0x561d0adabf30 .functor AND 1, L_0x561d0adabe90, o0x7f94b69a80d8, C4<1>, C4<1>;
L_0x561d0adac040 .functor OR 1, L_0x561d0adabd50, L_0x561d0adabf30, C4<0>, C4<0>;
v0x561d0ad673b0_0 .net *"_s0", 0 0, L_0x561d0adabbc0;  1 drivers
v0x561d0adab460_0 .net *"_s4", 0 0, L_0x561d0adabd50;  1 drivers
v0x561d0adab540_0 .net *"_s6", 0 0, L_0x561d0adabe90;  1 drivers
v0x561d0adab630_0 .net *"_s8", 0 0, L_0x561d0adabf30;  1 drivers
v0x561d0adab710_0 .net "c_in", 0 0, o0x7f94b69a80d8;  0 drivers
v0x561d0adab820_0 .net "c_out", 0 0, L_0x561d0adac040;  1 drivers
v0x561d0adab8e0_0 .net "sum", 0 0, L_0x561d0adabcb0;  1 drivers
v0x561d0adab9a0_0 .net "x1", 0 0, o0x7f94b69a8168;  0 drivers
v0x561d0adaba60_0 .net "x2", 0 0, o0x7f94b69a8198;  0 drivers
S_0x561d0ad67230 .scope module, "test" "test" 3 1;
 .timescale 0 0;
# The file index is used to find the file name in the following table.
:file_names 4;
    "N/A";
    "<interactive>";
    "prova.v";
    "main.v";
